// Jest Snapshot v1, https://goo.gl/fbAQLP

exports[`compositions/WorkWithUs snapshot 1`] = `
<Container
  wide={true}
>
  <styled__Title>
    Work with us
  </styled__Title>
  <styled__Details>
    <styled__Link
      href="mailto:hello@yld.io"
    >
      hello@yld.io
    </styled__Link>
     / 
    <styled__Link
      href="tel:+44-203-514-4678"
    >
      +44 (0) 203 514 4678
    </styled__Link>
  </styled__Details>
</Container>
`;
