// Jest Snapshot v1, https://goo.gl/fbAQLP

exports[`compositions/homepage/BuildBetter snapshot 1`] = `
<PageSection
  data-selector="home:build-better"
  gradient={false}
  gradientHeight="50%"
>
  <PageHero
    before={null}
    big={false}
    title={
      <styled__DefaultTitle>
        Build better
      </styled__DefaultTitle>
    }
    white={false}
  >
    <styled__Paragraph>
      Great companies go beyond their customers expectations, over and over again. Building this capability in your company is our mission, and our promise.
    </styled__Paragraph>
    <styled__Paragraph>
      We enable your organisation to deliver world-class technology and customer experiences.
    </styled__Paragraph>
    <Button
      component="a"
      href="/case-studies"
    >
      Case Studies
    </Button>
  </PageHero>
</PageSection>
`;
