// Jest Snapshot v1, https://goo.gl/fbAQLP

exports[`compositions/pages/Services/Help snapshot 1`] = `
<Help__HelpSection
  data-selector="services:tech"
>
  <Container>
    <Typography__H2
      slim={true}
      white={true}
    >
      We bring you the latest techniques
      <br />
       to help you meet your challenges
      <Help__Bar />
    </Typography__H2>
  </Container>
  <Help__CardsWrapper>
    <Help__Wrapper>
      <Card
        points={
          Array [
            "Lean Culture",
            "Micro-services",
          ]
        }
        title="YLD DELIVERS"
      />
      <Card
        points={
          Array [
            "Vertical teams",
            "Open source software",
          ]
        }
        title="Leveraging"
      />
      <Card
        points={
          Array [
            "Experimentation",
            "	Continuous delivery with zero downtime",
          ]
        }
        title="Enabling"
      />
    </Help__Wrapper>
    <Container>
      <Typography__H2
        slim={true}
        white={true}
      >
        To bring you business value
        <Help__Bar />
      </Typography__H2>
      <Help__Wrapper
        noMargin={true}
      >
        <ul>
          <Help__Item>
            Utilise disruptive technology
          </Help__Item>
          <Help__Item>
            Stay lean and compete
          </Help__Item>
        </ul>
        <ul>
          <Help__Item>
            Transform
          </Help__Item>
          <Help__Item>
            Innovate
          </Help__Item>
        </ul>
        <ul>
          <Help__Item>
            Speed of delivery and efficiency
          </Help__Item>
          <Help__Item>
            Bridge the skills gap
          </Help__Item>
        </ul>
        <ul>
          <Help__Item>
            Mitigate risk
          </Help__Item>
          <Help__Item>
            Lower cost
          </Help__Item>
        </ul>
      </Help__Wrapper>
    </Container>
  </Help__CardsWrapper>
</Help__HelpSection>
`;
