// Jest Snapshot v1, https://goo.gl/fbAQLP

exports[`components/ProductList snapshot 1`] = `
<Panel>
  <styled__ProductColumn>
    <styled__Image
      alt="our approach"
      src="/src/compositions/ProductList/placeholder.svg"
    />
    <styled__Title>
      Our Approach
    </styled__Title>
    <ul>
      <styled__Product>
        Digital Transformation
      </styled__Product>
      <styled__Product>
        Engineering Consultancy
      </styled__Product>
      <styled__Product>
        Product Consultancy
      </styled__Product>
    </ul>
    <styled__Footer>
      <Link
        activeClassName="___active"
        href="/services#approach"
      >
        More on Approach →
      </Link>
    </styled__Footer>
  </styled__ProductColumn>
  <styled__ProductColumn>
    <styled__Image
      alt="design & product"
      src="/src/compositions/ProductList/placeholder.svg"
    />
    <styled__Title>
      Design & Product
    </styled__Title>
    <ul>
      <styled__Product>
        Design Systems & Design Operations
      </styled__Product>
      <styled__Product>
        Design Sprints
      </styled__Product>
      <styled__Product>
        User Interface Design & Branding
      </styled__Product>
      <styled__Product>
        Research, Usability and User Experience
      </styled__Product>
    </ul>
    <styled__Footer>
      <Link
        activeClassName="___active"
        href="/services#design"
      >
        More on Design →
      </Link>
    </styled__Footer>
  </styled__ProductColumn>
  <styled__ProductColumn>
    <styled__Image
      alt="engineering"
      src="/src/compositions/ProductList/placeholder.svg"
    />
    <styled__Title>
      Engineering
    </styled__Title>
    <ul>
      <styled__Product>
        Engineering Leadership
      </styled__Product>
      <styled__Product>
        Back End & Node.js
      </styled__Product>
      <styled__Product>
        Front End & React.js
      </styled__Product>
      <styled__Product>
        DevOps & Kubernetes
      </styled__Product>
      <styled__Product>
        Mobile & React Native
      </styled__Product>
    </ul>
    <styled__Footer>
      <Link
        activeClassName="___active"
        href="/services#engineering"
      >
        More on Engineering →
      </Link>
    </styled__Footer>
  </styled__ProductColumn>
  <styled__ProductColumn>
    <styled__Image
      alt="training"
      src="/src/compositions/ProductList/placeholder.svg"
    />
    <styled__Title>
      Training
    </styled__Title>
    <ul>
      <styled__Product>
        Node Training
      </styled__Product>
      <styled__Product>
        React Training
      </styled__Product>
      <styled__Product>
        Design Systems Training
      </styled__Product>
      <styled__Product>
        UX Research Training
      </styled__Product>
      <styled__Product>
        UX Design Training
      </styled__Product>
    </ul>
    <styled__Footer>
      <Link
        activeClassName="___active"
        href="/services#training"
      >
        More on Training →
      </Link>
    </styled__Footer>
  </styled__ProductColumn>
</Panel>
`;
