// Jest Snapshot v1, https://goo.gl/fbAQLP

exports[`components/Value snapshot 1`] = `
<styled__ValuesSection>
  <styled__Header>
    Your opportunity is limitless
  </styled__Header>
  <styled__Description>
    You are the driver of change. We never give up, we begin again. Be adventuruous. Push the boundaries. Go the extra mile.
  </styled__Description>
</styled__ValuesSection>
`;

exports[`components/Values snapshot 1`] = `
<React.Fragment>
  <PageSection
    data-selector="about-us:our-values"
    gradient={false}
    gradientHeight="50%"
  >
    <Typography__H2>
      Our Values
    </Typography__H2>
    <Typography__base
      light={true}
    >
      We help you future proof your business though a new style of consulting, ground up. We connect and educate engineering, product and leadership to help you navigate digital transformation, grow your business and tackle core customer problems. We’re one of the most renowned technology companies in Europe.
    </Typography__base>
    <Typography__base>
      Some amazing support copy with go here to reenforce whatever section it is relevant too. Some amazing support copy with go here to reenforce whatever section it is relevant too. Some amazing support copy with go here to reenforce whatever section it is relevant too. Some amazing support copy with go here to reenforce whatever section it is relevant too.
    </Typography__base>
  </PageSection>
  <PageSection
    gradient={false}
    gradientHeight="50%"
  >
    <TileGrid>
      <styled__OurValues>
        <Value
          header="Your opportunity is limitless"
        >
          You are the driver of change. We never give up, we begin again. Be adventuruous. Push the boundaries. Go the extra mile.
        </Value>
        <Value
          header="Have integrity, be honest"
        >
          Lead by example. No “bullshit”. Be real, have respect.
        </Value>
        <Value
          header="Get better as a team"
        >
          Collaborate, collaborate, collaborate. Never stop learning annd learn together - innovation can be the innovation you inspire in others. Be inquisitive. Ask why, and be preparered to be asked why of yourself.
        </Value>
        <Value
          header="Recognise success"
        >
          Understand the purpose. When you succeed, help others do the same. Celebrate, even when we fail.
        </Value>
        <Value
          header="Have courage, stay humble"
        >
          Put our partners success ahead of our own and treat them as we would our own team. Have strong opinions, weakly held. Good enough isn’t good enough.
        </Value>
      </styled__OurValues>
    </TileGrid>
  </PageSection>
  <PageSection
    gradient={false}
    gradientHeight="50%"
    wide={true}
  >
    <TileGrid>
      <styled__Tile>
        <styled__TileContent>
          <styled__TileContentTitle>
            Services
          </styled__TileContentTitle>
          <styled__TileContentBody>
            We enable your organisation to deliver world-class technology and user experiences, long after we leave.
          </styled__TileContentBody>
        </styled__TileContent>
      </styled__Tile>
      <styled__Tile
        colour="darker"
      >
        <styled__TileContent>
          <styled__TileContentTitle>
            Community
          </styled__TileContentTitle>
          <styled__TileContentBody>
            We define ourselves by the people who represent us.
          </styled__TileContentBody>
        </styled__TileContent>
      </styled__Tile>
    </TileGrid>
  </PageSection>
</React.Fragment>
`;
