// Jest Snapshot v1, https://goo.gl/fbAQLP

exports[`components/ProductList snapshot 1`] = `
<styled.ul>
  <styled.li>
    <styled.img
      alt="our approach"
      src="/src/compositions/pages/Home/HowWeDoIt/ProductList/placeholder.svg"
    />
    <styled.header>
      Our Approach
    </styled.header>
    <styled.ul>
      <styled.li>
        Digital Transformation
      </styled.li>
      <styled.li>
        Engineering Consultancy
      </styled.li>
      <styled.li>
        Product Consultancy
      </styled.li>
    </styled.ul>
    <styled.footer>
      <Link
        activeClassName="___active"
        href="/services#approach"
      >
        More on Approach →
      </Link>
    </styled.footer>
  </styled.li>
  <styled.li>
    <styled.img
      alt="design & product"
      src="/src/compositions/pages/Home/HowWeDoIt/ProductList/placeholder.svg"
    />
    <styled.header>
      Design & Product
    </styled.header>
    <styled.ul>
      <styled.li>
        Design Systems & Design Operations
      </styled.li>
      <styled.li>
        Design Sprints
      </styled.li>
      <styled.li>
        User Interface Design & Branding
      </styled.li>
      <styled.li>
        Research, Usability and User Experience
      </styled.li>
    </styled.ul>
    <styled.footer>
      <Link
        activeClassName="___active"
        href="/services#design"
      >
        More on Design →
      </Link>
    </styled.footer>
  </styled.li>
  <styled.li>
    <styled.img
      alt="engineering"
      src="/src/compositions/pages/Home/HowWeDoIt/ProductList/placeholder.svg"
    />
    <styled.header>
      Engineering
    </styled.header>
    <styled.ul>
      <styled.li>
        Engineering Leadership
      </styled.li>
      <styled.li>
        Back End & Node.js
      </styled.li>
      <styled.li>
        Front End & React.js
      </styled.li>
      <styled.li>
        DevOps & Kubernetes
      </styled.li>
      <styled.li>
        Mobile & React Native
      </styled.li>
    </styled.ul>
    <styled.footer>
      <Link
        activeClassName="___active"
        href="/services#engineering"
      >
        More on Engineering →
      </Link>
    </styled.footer>
  </styled.li>
  <styled.li>
    <styled.img
      alt="training"
      src="/src/compositions/pages/Home/HowWeDoIt/ProductList/placeholder.svg"
    />
    <styled.header>
      Training
    </styled.header>
    <styled.ul>
      <styled.li>
        Node Training
      </styled.li>
      <styled.li>
        React Training
      </styled.li>
      <styled.li>
        Design Systems Training
      </styled.li>
      <styled.li>
        UX Research Training
      </styled.li>
      <styled.li>
        UX Design Training
      </styled.li>
    </styled.ul>
    <styled.footer>
      <Link
        activeClassName="___active"
        href="/services#training"
      >
        More on Training →
      </Link>
    </styled.footer>
  </styled.li>
</styled.ul>
`;
