// Jest Snapshot v1, https://goo.gl/fbAQLP

exports[`components/TileGrid snapshot with tiles 1`] = `
.c0 {
  display: -webkit-box;
  display: -webkit-flex;
  display: -ms-flexbox;
  display: flex;
  -webkit-flex-wrap: wrap;
  -ms-flex-wrap: wrap;
  flex-wrap: wrap;
  margin: 0;
  padding: 0;
}

<ul
  className="c0"
>
  <styled.li
    colour="normal"
  >
    Hello
  </styled.li>
  <styled.li
    colour="dark"
  >
    World
  </styled.li>
  <styled.li
    colour="darker"
  >
    !
  </styled.li>
</ul>
`;
