// Jest Snapshot v1, https://goo.gl/fbAQLP

exports[`components/Navigation snapshot 1`] = `
<nav>
  <styled.ul>
    <styled.li>
      <Styled(Link)
        href="/case-studies"
      >
        Case Studies
      </Styled(Link)>
    </styled.li>
    <styled.li>
      <Styled(Link)
        href="/services"
      >
        Services
      </Styled(Link)>
    </styled.li>
    <styled.li>
      <Styled(Link)
        href="/community"
      >
        Community
      </Styled(Link)>
    </styled.li>
    <styled.li>
      <Styled(Link)
        href="/about-us"
        padRight={true}
      >
        About Us
      </Styled(Link)>
    </styled.li>
    <styled.li>
      <Styled(Link)
        href="/join-us"
      >
        Join Us
      </Styled(Link)>
    </styled.li>
  </styled.ul>
</nav>
`;
