// Jest Snapshot v1, https://goo.gl/fbAQLP

exports[`components/Navigation snapshot 1`] = `
<nav>
  <styled__List>
    <styled__Item>
      <styled__Link
        href="/case-studies"
      >
        Case Studies
      </styled__Link>
    </styled__Item>
    <styled__Item>
      <styled__Link
        href="/services"
      >
        Services
      </styled__Link>
    </styled__Item>
    <styled__Item>
      <styled__Link
        href="/community"
      >
        Community
      </styled__Link>
    </styled__Item>
    <styled__Item>
      <styled__Link
        href="/about-us"
        padRight={true}
      >
        About Us
      </styled__Link>
    </styled__Item>
    <styled__Item>
      <styled__Link
        href="/join-us"
      >
        Join Us
      </styled__Link>
    </styled__Item>
  </styled__List>
</nav>
`;
