// Jest Snapshot v1, https://goo.gl/fbAQLP

exports[`components/Navigation snapshot 1`] = `
<nav
  data-selector="component:navigation"
>
  <styled__List>
    <styled__Item>
      <styled__Link
        dark={false}
        href="/"
      >
        Home
      </styled__Link>
    </styled__Item>
    <styled__Item>
      <styled__Link
        dark={false}
        href="/services"
      >
        Services
      </styled__Link>
    </styled__Item>
    <styled__Item>
      <styled__Link
        dark={false}
        href="/our-clients"
      >
        Our Clients
      </styled__Link>
    </styled__Item>
    <styled__Item>
      <styled__Link
        dark={false}
        href="/about-us"
      >
        About Us
      </styled__Link>
    </styled__Item>
  </styled__List>
</nav>
`;
