// Jest Snapshot v1, https://goo.gl/fbAQLP

exports[`components/FooterNavigation snapshot 1`] = `
<styled.nav>
  <styled.ul>
    <styled.li
      header={true}
    >
      What we do
    </styled.li>
    <styled.li>
      <Styled(Link)
        href="/services"
      >
        Services
      </Styled(Link)>
    </styled.li>
    <styled.li>
      <Styled(Link)
        href="/our-approach"
      >
        Our Approach
      </Styled(Link)>
    </styled.li>
    <styled.li>
      <Styled(Link)
        href="#how-we-do-it"
      >
        How we do it
      </Styled(Link)>
    </styled.li>
  </styled.ul>
  <styled.ul>
    <styled.li
      header={true}
    >
      Our work
    </styled.li>
    <styled.li>
      <Styled(Link)
        href="/case-studies"
      >
        Case Studies
      </Styled(Link)>
    </styled.li>
    <styled.li>
      <Styled(Link)
        href="/industries"
      >
        Industries
      </Styled(Link)>
    </styled.li>
  </styled.ul>
  <styled.ul>
    <styled.li
      header={true}
    >
      Who we are
    </styled.li>
    <styled.li>
      <Styled(Link)
        href="/about-us"
      >
        About Us
      </Styled(Link)>
    </styled.li>
    <styled.li>
      <Styled(Link)
        href="/join-us"
      >
        Join Us
      </Styled(Link)>
    </styled.li>
  </styled.ul>
  <styled.ul>
    <styled.li
      header={true}
    >
      Our Community
    </styled.li>
    <styled.li>
      <Styled(Link)
        href="/talks"
      >
        Talks
      </Styled(Link)>
    </styled.li>
    <styled.li>
      <Styled(Link)
        href="/events"
      >
        Events
      </Styled(Link)>
    </styled.li>
    <styled.li>
      <Styled(Link)
        href="/blog"
      >
        Blog
      </Styled(Link)>
    </styled.li>
  </styled.ul>
</styled.nav>
`;
