// Jest Snapshot v1, https://goo.gl/fbAQLP

exports[`components/FooterNavigation snapshot 1`] = `
<styled__Nav>
  <styled__Category>
    <styled__Item
      header={true}
    >
      What we do
    </styled__Item>
    <styled__Item>
      <styled__Link
        href="/services"
      >
        Services
      </styled__Link>
    </styled__Item>
    <styled__Item>
      <styled__Link
        href="/our-approach"
      >
        Our Approach
      </styled__Link>
    </styled__Item>
    <styled__Item>
      <styled__Link
        href="#how-we-do-it"
      >
        How we do it
      </styled__Link>
    </styled__Item>
  </styled__Category>
  <styled__Category>
    <styled__Item
      header={true}
    >
      Our work
    </styled__Item>
    <styled__Item>
      <styled__Link
        href="/case-studies"
      >
        Case Studies
      </styled__Link>
    </styled__Item>
    <styled__Item>
      <styled__Link
        href="/industries"
      >
        Industries
      </styled__Link>
    </styled__Item>
  </styled__Category>
  <styled__Category>
    <styled__Item
      header={true}
    >
      Who we are
    </styled__Item>
    <styled__Item>
      <styled__Link
        href="/about-us"
      >
        About Us
      </styled__Link>
    </styled__Item>
    <styled__Item>
      <styled__Link
        href="/join-us"
      >
        Join Us
      </styled__Link>
    </styled__Item>
  </styled__Category>
  <styled__Category>
    <styled__Item
      header={true}
    >
      Our Community
    </styled__Item>
    <styled__Item>
      <styled__Link
        href="/talks"
      >
        Talks
      </styled__Link>
    </styled__Item>
    <styled__Item>
      <styled__Link
        href="/events"
      >
        Events
      </styled__Link>
    </styled__Item>
    <styled__Item>
      <styled__Link
        href="/blog"
      >
        Blog
      </styled__Link>
    </styled__Item>
  </styled__Category>
</styled__Nav>
`;
