// Jest Snapshot v1, https://goo.gl/fbAQLP

exports[`compositions/homepage/ServicesAboutUs snapshot 1`] = `
<styled.section
  wide={true}
>
  <styled.ul>
    <styled.li>
      <styled.div>
        <styled.h5>
          Services
        </styled.h5>
        <styled.p>
          We enable your organisation to deliver world-class technology and user experiences, long after we leave.
        </styled.p>
      </styled.div>
    </styled.li>
    <styled.li
      colour="darker"
    >
      <styled.div>
        <styled.h5>
          About Us
        </styled.h5>
        <styled.p>
          We have team members from a broad spectrum of backgrounds and incredible technology companies.
        </styled.p>
      </styled.div>
    </styled.li>
  </styled.ul>
</styled.section>
`;
