// Jest Snapshot v1, https://goo.gl/fbAQLP

exports[`components/FooterContactList snapshot 1`] = `
<styled__List>
  <styled__Contact>
    <address>
      <styled__Line>
        London
      </styled__Line>
      <styled__Line>
        124 Aldersgate Street
      </styled__Line>
      <styled__Line>
        EC1A 4JQ
      </styled__Line>
      <styled__Line>
        <styled__Link
          href="tel:+44-203-514-4678"
        >
          +44 (0) 203 514 4678
        </styled__Link>
      </styled__Line>
      <styled__Line>
        <styled__Link
          href="mailto:hello@yld.io"
        >
          hello@yld.io
        </styled__Link>
      </styled__Line>
    </address>
  </styled__Contact>
  <styled__Contact>
    <address>
      <styled__Line>
        Lisbon
      </styled__Line>
      <styled__Line>
        Rua Ramalho Ortigão 8
      </styled__Line>
      <styled__Line>
        3rd floor left
      </styled__Line>
      <styled__Line>
        1070-230
      </styled__Line>
    </address>
  </styled__Contact>
  <styled__Contact>
    <address>
      <styled__Line>
        Porto
      </styled__Line>
      <styled__Line>
        Rua Ramalho Ortigão 8
      </styled__Line>
      <styled__Line>
        3rd floor left
      </styled__Line>
      <styled__Line>
        1070-230
      </styled__Line>
    </address>
  </styled__Contact>
</styled__List>
`;
