// Jest Snapshot v1, https://goo.gl/fbAQLP

exports[`compositions/pages/Services snapshot 1`] = `
<React.Fragment>
  <PageSection
    gradient={false}
    gradientHeight="50%"
  >
    <PageHero
      before="services"
      title="Great companies go beyond their customers expectations, over and over again."
    >
      We enable your organisation to deliver world-class technology and user experiences, long after we leave.
    </PageHero>
  </PageSection>
  <PageSection
    gradient={false}
    gradientHeight="50%"
  >
    <ProductList />
    <PageRule />
  </PageSection>
  <PageSection
    gradient={false}
    gradientHeight="50%"
  >
    <ServiceList />
  </PageSection>
  <ServicesTiles />
  <WorkWithUs />
</React.Fragment>
`;
