// Jest Snapshot v1, https://goo.gl/fbAQLP

exports[`success section 1`] = `
<React.Fragment>
  <Typography__H2>
    The Success
  </Typography__H2>
  <Typography__base
    large={true}
    newLines={true}
  >
    this is the main description
  </Typography__base>
  <Typography__base
    newLines={true}
  >
    this is the sub description
  </Typography__base>
</React.Fragment>
`;
