// Jest Snapshot v1, https://goo.gl/fbAQLP

exports[`compositions/homepage/CaseStudies snapshot 1`] = `
<styled.section
  wide={true}
>
  <styled.ul>
    <styled.li>
      <styled.div>
        <styled.h5>
          Trainline
        </styled.h5>
        <styled.p>
          A legacy platform that faced a huge pressure to have an updated interface.
        </styled.p>
      </styled.div>
    </styled.li>
    <styled.li
      colour="darker"
    >
      <styled.div>
        <styled.h5>
          The Economist
        </styled.h5>
        <styled.p>
          A legacy platform that faced a huge pressure to have an updated interface.
        </styled.p>
      </styled.div>
    </styled.li>
    <styled.li
      colour="dark"
    >
      <styled.div>
        <styled.h5>
          Joyent
        </styled.h5>
        <styled.p>
          A legacy platform that faced a huge pressure to have an updated interface.
        </styled.p>
      </styled.div>
    </styled.li>
    <styled.li>
      <styled.div>
        <styled.h5>
          Doctor Link
        </styled.h5>
        <styled.p>
          A legacy platform that faced a huge pressure to have an updated interface.
        </styled.p>
      </styled.div>
    </styled.li>
  </styled.ul>
  <styled.p>
    <Button
      component={[Function]}
      href="/case-studies"
    >
      View More
    </Button>
  </styled.p>
</styled.section>
`;
